test_context_survives_builder_frame_planner_maker_and_judge (tests.test_callable_context.CallableContextTest.test_context_survives_builder_frame_planner_maker_and_judge) ... ok
test_unreadable_context_refuses_before_ticket_creation (tests.test_callable_context.CallableContextTest.test_unreadable_context_refuses_before_ticket_creation) ... ok
test_a_child_is_minted_under_its_parent_and_sealed_through_it (tests.test_ticket_callables.CallableIdGrammarTest.test_a_child_is_minted_under_its_parent_and_sealed_through_it) ... ok
test_a_child_of_an_unsealed_parent_is_refused_with_its_remedy (tests.test_ticket_callables.CallableIdGrammarTest.test_a_child_of_an_unsealed_parent_is_refused_with_its_remedy) ... ok
test_a_parentless_callable_roots_its_own_tree_and_seals_itself (tests.test_ticket_callables.CallableIdGrammarTest.test_a_parentless_callable_roots_its_own_tree_and_seals_itself) ... ok
test_two_concurrent_calls_under_one_parent_mint_distinct_ids (tests.test_ticket_callables.CallableIdGrammarTest.test_two_concurrent_calls_under_one_parent_mint_distinct_ids)
The run lock the minting command holds at the mint is the whole arbiter. ... ok
test_a_child_edited_after_it_was_minted_is_bound_by_nothing (tests.test_ticket_callables.CallableAdmissionTest.test_a_child_edited_after_it_was_minted_is_bound_by_nothing) ... ok
test_a_child_whose_parent_the_seal_does_not_name_is_refused (tests.test_ticket_callables.CallableAdmissionTest.test_a_child_whose_parent_the_seal_does_not_name_is_refused) ... ok
test_parent_and_child_both_admit_and_the_parent_owns_no_members (tests.test_ticket_callables.CallableAdmissionTest.test_parent_and_child_both_admit_and_the_parent_owns_no_members) ... ok
test_a_document_callable_is_told_to_print_a_doc_line (tests.test_ticket_callables.CallablePromptTest.test_a_document_callable_is_told_to_print_a_doc_line) ... ok
test_a_document_tree_adapter_requires_no_impossible_commit (tests.test_ticket_callables.CallablePromptTest.test_a_document_tree_adapter_requires_no_impossible_commit)
A non-Git directory preserves document bytes without a commit. ... ok
test_a_git_callable_is_told_to_commit_and_to_print_a_git_line (tests.test_ticket_callables.CallablePromptTest.test_a_git_callable_is_told_to_commit_and_to_print_a_git_line) ... ok
test_a_judge_prints_the_findings_line_beside_its_artifact_line (tests.test_ticket_callables.CallablePromptTest.test_a_judge_prints_the_findings_line_beside_its_artifact_line) ... ok
test_an_untyped_artifact_is_refused_before_anything_is_written (tests.test_ticket_callables.CallablePromptTest.test_an_untyped_artifact_is_refused_before_anything_is_written) ... ok
test_every_body_still_returns_the_close_it_owes (tests.test_ticket_frames.FrameLawOwnerTest.test_every_body_still_returns_the_close_it_owes)
The one frame command a body keeps: its `done` is the workflow's ... ok
test_no_body_restates_the_journal_command (tests.test_ticket_frames.FrameLawOwnerTest.test_no_body_restates_the_journal_command) ... ok
test_putting_the_paragraph_back_into_a_copy_fails_the_check (tests.test_ticket_frames.FrameLawOwnerTest.test_putting_the_paragraph_back_into_a_copy_fails_the_check)
The can-fail direction, on a copy: no body is touched. ... ok
test_each_body_calls_exactly_the_edges_its_architecture_declares (tests.test_static_tree_invariants_cases.benchmark_architecture.TestBenchmarkArchitecture.test_each_body_calls_exactly_the_edges_its_architecture_declares) ... ok
test_evolve_judges_before_it_generates_and_before_it_closes (tests.test_static_tree_invariants_cases.benchmark_architecture.TestBenchmarkArchitecture.test_evolve_judges_before_it_generates_and_before_it_closes) ... ok
test_no_demoted_owner_reappears_in_either_campaign (tests.test_static_tree_invariants_cases.benchmark_architecture.TestBenchmarkArchitecture.test_no_demoted_owner_reappears_in_either_campaign) ... ok
test_the_campaigns_stay_manual_only_entries (tests.test_static_tree_invariants_cases.benchmark_architecture.TestBenchmarkArchitecture.test_the_campaigns_stay_manual_only_entries) ... ok
test_the_superseded_campaign_bodies_stay_deleted (tests.test_static_tree_invariants_cases.benchmark_architecture.TestBenchmarkArchitecture.test_the_superseded_campaign_bodies_stay_deleted) ... ok
test_the_tournament_nests_both_campaigns_as_frames (tests.test_static_tree_invariants_cases.benchmark_architecture.TestBenchmarkArchitecture.test_the_tournament_nests_both_campaigns_as_frames) ... ok
test_every_composition_link_resolves (tests.test_static_tree_invariants_cases.compositions.TestCompositionLinks.test_every_composition_link_resolves) ... ok
test_the_slicing_sections_put_proven_seams_on_the_first_frontier (tests.test_static_tree_invariants_cases.cut_rules.TestCutGoalAnchors.test_the_slicing_sections_put_proven_seams_on_the_first_frontier) ... ok
test_no_cut_states_a_superseded_overlap_rule (tests.test_static_tree_invariants_cases.cut_rules.TestDependencyOrderedOverlap.test_no_cut_states_a_superseded_overlap_rule) ... ok
test_the_code_cut_reserves_the_tracer_for_the_unproven_seam (tests.test_static_tree_invariants_cases.cut_rules.TestDependencyOrderedOverlap.test_the_code_cut_reserves_the_tracer_for_the_unproven_seam) ... ok
test_the_code_cut_uses_the_current_unit_assignment_shape (tests.test_static_tree_invariants_cases.cut_rules.TestDependencyOrderedOverlap.test_the_code_cut_uses_the_current_unit_assignment_shape) ... ok
test_every_case_class_its_package_defines_is_collected_by_its_family (tests.test_static_tree_invariants_cases.repository_shape.TestEveryCaseClassIsRegistered.test_every_case_class_its_package_defines_is_collected_by_its_family) ... ok
test_every_exemption_still_names_a_live_base_with_no_test_of_its_own (tests.test_static_tree_invariants_cases.repository_shape.TestEveryCaseClassIsRegistered.test_every_exemption_still_names_a_live_base_with_no_test_of_its_own)
Both halves, so an exemption cannot outlive what justified it. ... ok
test_each_skill_declares_its_frozen_role (tests.test_static_tree_invariants_cases.skill_packages.TestFrozenRoleTable.test_each_skill_declares_its_frozen_role) ... ok
test_table_covers_exactly_every_skill (tests.test_static_tree_invariants_cases.skill_packages.TestFrozenRoleTable.test_table_covers_exactly_every_skill) ... ok
test_no_chdir_inside_a_temporary_directory_block_defers_its_restore (tests.test_static_tree_invariants_cases.repository_shape.TestNoTempTreeIsDeletedWhileItIsTheCwd.test_no_chdir_inside_a_temporary_directory_block_defers_its_restore) ... ok
test_every_skill_folder_matches_its_frontmatter_name (tests.test_static_tree_invariants_cases.skill_packages.TestPackageNamesMatchFolders.test_every_skill_folder_matches_its_frontmatter_name)
Every directory under a tier owns a matching ``SKILL.md``. ... ok
test_every_standard_folder_matches_its_frontmatter_name (tests.test_static_tree_invariants_cases.skill_packages.TestPackageNamesMatchFolders.test_every_standard_folder_matches_its_frontmatter_name) ... ok
test_every_site_resolving_to_the_repository_root_is_owned_or_commented (tests.test_static_tree_invariants_cases.repo_root_derivation.TestRepoRootDerivationSitesAreOwnedOrExplained.test_every_site_resolving_to_the_repository_root_is_owned_or_commented) ... ok
test_the_classifier_fails_on_a_synthetic_uncommented_site (tests.test_static_tree_invariants_cases.repo_root_derivation.TestRepoRootDerivationSitesAreOwnedOrExplained.test_the_classifier_fails_on_a_synthetic_uncommented_site) ... ok
test_every_root_shell_script_is_committed_executable (tests.test_static_tree_invariants_cases.repository_shape.TestRootShellEntryPointsAreExecutable.test_every_root_shell_script_is_committed_executable) ... ok
test_every_skill_body_orders_require_then_never_then_return (tests.test_static_tree_invariants_cases.skill_packages.TestSkillAnatomyOrder.test_every_skill_body_orders_require_then_never_then_return) ... ok
test_every_skill_tier_directory_exists (tests.test_static_tree_invariants_cases.skill_packages.TestTierDirectoriesExist.test_every_skill_tier_directory_exists) ... ok
test_only_surviving_skill_tiers_are_declared (tests.test_static_tree_invariants_cases.skill_packages.TestTierDirectoriesExist.test_only_surviving_skill_tiers_are_declared) ... ok
test_every_workflow_declares_its_name_and_manual_invocation (tests.test_static_tree_invariants_cases.compositions.TestWorkflowSkills.test_every_workflow_declares_its_name_and_manual_invocation) ... ok
test_every_workflow_directory_holds_exactly_one_body (tests.test_static_tree_invariants_cases.compositions.TestWorkflowSkills.test_every_workflow_directory_holds_exactly_one_body) ... ok
test_every_workflow_opens_a_frame_calls_or_nests_and_closes (tests.test_static_tree_invariants_cases.compositions.TestWorkflowSkills.test_every_workflow_opens_a_frame_calls_or_nests_and_closes)
A workflow either stamps a standard on a callable call of its own, or ... ok
test_public_call_must_resolve_and_cannot_call_itself (tests.test_static_tree_invariants_cases.compositions.TestWorkflowSkills.test_public_call_must_resolve_and_cannot_call_itself) ... ok
test_authoring_narrowing_expands_in_public_callee_scope (tests.test_build_workflow.BuildWorkflowTests.test_authoring_narrowing_expands_in_public_callee_scope) ... ok
test_default_distribution_has_one_manual_roleless_builder (tests.test_build_workflow.BuildWorkflowTests.test_default_distribution_has_one_manual_roleless_builder) ... ok
test_receipt_probe_rejects_missing_and_corrupt_output (tests.test_build_workflow.BuildWorkflowTests.test_receipt_probe_rejects_missing_and_corrupt_output) ... ok
TestScriptNames (unittest.loader._FailedTest.TestScriptNames) ... ERROR
test_duplicate_owner_identity_is_a_closed_error (reader.tests.test_ui_cases.workflows_catalog.WorkflowCatalogTests.test_duplicate_owner_identity_is_a_closed_error)
One name, two canonical homes: `example-workflows/demo/` and ... ok
test_escaping_file_and_directory_symlink_owners_are_rejected (reader.tests.test_ui_cases.workflows_catalog.WorkflowCatalogTests.test_escaping_file_and_directory_symlink_owners_are_rejected) ... ok
test_owner_name_must_match_its_canonical_package (reader.tests.test_ui_cases.workflows_catalog.WorkflowCatalogTests.test_owner_name_must_match_its_canonical_package) ... ok
test_repository_catalog_is_derived_from_both_canonical_homes (reader.tests.test_ui_cases.workflows_catalog.WorkflowCatalogTests.test_repository_catalog_is_derived_from_both_canonical_homes) ... ok
test_validated_summary_is_joined_by_canonical_id (reader.tests.test_ui_cases.workflows_catalog.WorkflowCatalogTests.test_validated_summary_is_joined_by_canonical_id) ... ok
test_catalog_coverage_is_exact (reader.tests.test_ui_cases.workflows_summary.WorkflowSummaryManifestTests.test_catalog_coverage_is_exact) ... ok
test_checked_in_manifest_is_closed_and_covers_the_canonical_catalog (reader.tests.test_ui_cases.workflows_summary.WorkflowSummaryManifestTests.test_checked_in_manifest_is_closed_and_covers_the_canonical_catalog) ... ok
test_edges_have_known_endpoints_kinds_and_unique_tuples (reader.tests.test_ui_cases.workflows_summary.WorkflowSummaryManifestTests.test_edges_have_known_endpoints_kinds_and_unique_tuples) ... ok
test_every_directed_cycle_contains_a_loop_edge (reader.tests.test_ui_cases.workflows_summary.WorkflowSummaryManifestTests.test_every_directed_cycle_contains_a_loop_edge) ... ok
test_every_loop_edge_is_part_of_a_directed_cycle (reader.tests.test_ui_cases.workflows_summary.WorkflowSummaryManifestTests.test_every_loop_edge_is_part_of_a_directed_cycle) ... ok
test_labels_are_trimmed_single_line_and_bounded (reader.tests.test_ui_cases.workflows_summary.WorkflowSummaryManifestTests.test_labels_are_trimmed_single_line_and_bounded) ... ok
test_loop_edges_can_close_multi_node_cycles_or_self_cycles (reader.tests.test_ui_cases.workflows_summary.WorkflowSummaryManifestTests.test_loop_edges_can_close_multi_node_cycles_or_self_cycles) ... ok
test_malformed_member_types_fail_as_manifest_errors (reader.tests.test_ui_cases.workflows_summary.WorkflowSummaryManifestTests.test_malformed_member_types_fail_as_manifest_errors) ... ok
test_manifest_and_members_are_closed (reader.tests.test_ui_cases.workflows_summary.WorkflowSummaryManifestTests.test_manifest_and_members_are_closed) ... ok
test_node_ids_are_unique_and_well_formed (reader.tests.test_ui_cases.workflows_summary.WorkflowSummaryManifestTests.test_node_ids_are_unique_and_well_formed) ... ok

======================================================================
ERROR: TestScriptNames (unittest.loader._FailedTest.TestScriptNames)
----------------------------------------------------------------------
AttributeError: module 'tests.test_installer' has no attribute 'TestScriptNames'

----------------------------------------------------------------------
Ran 64 tests in 17.473s

FAILED (errors=1)
